args.iter=20
args.area='SE'
64

01. Data Binning

        Binned soundings: 105,135

02. Discretization

>> Depth from the surface to the base of the bottom layer is 306.3m

03. Set survey

04. Start Inversion

  Percentage of the active data = 1,818,497/2,312,970=79%

Running inversion with SimPEG v0.22.2.dev14+g7c7f1dc80
simpeg.InvProblem will set Regularization.reference_model to m0.
simpeg.InvProblem will set Regularization.reference_model to m0.
simpeg.InvProblem will set Regularization.reference_model to m0.

                        simpeg.InvProblem is setting bfgsH0 to the inverse of the eval2Deriv.
                        ***Done using same Solver, and solver_opts as the Simulation1DLayeredStitched problem***
                        
model has any nan: 0
=============================== Projected GNCG ===============================
  #     beta     phi_d     phi_m       f      |proj(x-g)-x|  LS    Comment   
-----------------------------------------------------------------------------
x0 has any nan: 0
   0  2.04e+01  4.42e+07  0.00e+00  4.42e+07    6.07e+05      0              
   1  1.02e+01  3.11e+06  4.49e+04  3.56e+06    8.70e+04      0              
   2  5.10e+00  9.31e+05  7.62e+04  1.32e+06    1.40e+04      0   Skip BFGS  
   3  2.55e+00  6.84e+05  1.02e+05  9.45e+05    8.34e+03      0   Skip BFGS  
   4  1.28e+00  5.27e+05  1.45e+05  7.12e+05    8.73e+03      0              
   5  6.38e-01  4.18e+05  2.14e+05  5.54e+05    1.48e+04      0              
   6  3.19e-01  3.56e+05  2.58e+05  4.38e+05    1.00e+04      1              
   7  1.59e-01  2.37e+05  4.51e+05  3.09e+05    3.18e+03      0   Skip BFGS  
   8  7.97e-02  1.92e+05  6.39e+05  2.43e+05    2.28e+03      0   Skip BFGS  
   9  3.99e-02  1.63e+05  9.12e+05  1.99e+05    3.45e+03      0   Skip BFGS  
  10  1.99e-02  1.44e+05  1.32e+06  1.71e+05    1.02e+04      0              
  11  9.97e-03  1.35e+05  1.47e+06  1.50e+05    6.54e+03      1              
  12  4.98e-03  1.26e+05  1.94e+06  1.35e+05    7.15e+03      1   Skip BFGS  
  13  2.49e-03  1.25e+05  2.00e+06  1.30e+05    9.27e+03      4              
  14  1.25e-03  1.22e+05  2.12e+06  1.25e+05    1.66e+04      3   Skip BFGS  
  15  6.23e-04  1.15e+05  2.69e+06  1.17e+05    1.38e+04      2              
  16  3.11e-04  1.13e+05  3.08e+06  1.14e+05    1.42e+04      3   Skip BFGS  
  17  1.56e-04  1.05e+05  4.24e+06  1.06e+05    1.41e+04      2   Skip BFGS  
  18  7.79e-05  1.03e+05  4.57e+06  1.03e+05    1.42e+04      3   Skip BFGS  
  19  3.89e-05  9.92e+04  5.51e+06  9.94e+04    1.65e+04      2   Skip BFGS  
  20  1.95e-05  8.98e+04  9.58e+06  9.00e+04    1.23e+04      1   Skip BFGS  
------------------------- STOP! -------------------------
1 : |fc-fOld| = 9.4698e+03 <= tolF*(1+|f0|) = 4.4206e+06
1 : |xc-x_last| = 9.7561e+01 <= tolX*(1+|x0|) = 3.5029e+02
0 : |proj(x-g)-x|    = 1.2325e+04 <= tolG          = 1.0000e-01
0 : |proj(x-g)-x|    = 1.2325e+04 <= 1e3*eps       = 1.0000e-02
1 : maxIter   =      20    <= iter          =     20
------------------------- DONE! -------------------------
05. Save Results

