args.iter=20
args.area='NW'
64

01. Data Binning

        Binned soundings: 98,552

02. Discretization

>> Depth from the surface to the base of the bottom layer is 306.3m

03. Set survey

04. Start Inversion

  Percentage of the active data = 1,399,778/2,168,144=65%

Running inversion with SimPEG v0.22.2.dev14+g7c7f1dc80
simpeg.InvProblem will set Regularization.reference_model to m0.
simpeg.InvProblem will set Regularization.reference_model to m0.
simpeg.InvProblem will set Regularization.reference_model to m0.

                        simpeg.InvProblem is setting bfgsH0 to the inverse of the eval2Deriv.
                        ***Done using same Solver, and solver_opts as the Simulation1DLayeredStitched problem***
                        
model has any nan: 0
=============================== Projected GNCG ===============================
  #     beta     phi_d     phi_m       f      |proj(x-g)-x|  LS    Comment   
-----------------------------------------------------------------------------
x0 has any nan: 0
   0  1.50e+04  1.11e+09  0.00e+00  1.11e+09    2.37e+08      0              
   1  7.50e+03  2.39e+08  5.11e+03  2.78e+08    5.36e+07      0              
   2  3.75e+03  5.56e+07  3.27e+03  6.78e+07    1.14e+07      0   Skip BFGS  
   3  1.87e+03  2.55e+07  2.46e+03  3.01e+07    2.62e+06      0   Skip BFGS  
   4  9.37e+02  1.69e+07  3.38e+03  2.01e+07    8.89e+05      0              
   5  4.69e+02  1.49e+07  4.92e+03  1.72e+07    1.09e+06      0              
   6  2.34e+02  1.37e+07  5.40e+03  1.50e+07    1.08e+06      1              
   7  1.17e+02  8.62e+06  1.57e+04  1.05e+07    2.81e+05      0              
   8  5.86e+01  6.97e+06  2.89e+04  8.66e+06    8.28e+05      0              
   9  2.93e+01  5.55e+06  3.58e+04  6.60e+06    4.69e+05      1              
  10  1.46e+01  2.73e+06  7.79e+04  3.87e+06    1.21e+05      0   Skip BFGS  
  11  7.32e+00  2.25e+06  9.40e+04  2.94e+06    1.15e+05      1              
  12  3.66e+00  1.72e+06  1.21e+05  2.17e+06    7.95e+04      1              
  13  1.83e+00  1.17e+06  2.12e+05  1.56e+06    1.46e+05      0              
  14  9.15e-01  1.03e+06  2.44e+05  1.25e+06    1.11e+05      1              
  15  4.58e-01  8.06e+05  3.17e+05  9.51e+05    6.66e+04      1              
  16  2.29e-01  5.60e+05  5.94e+05  6.96e+05    6.11e+04      0              
  17  1.14e-01  5.23e+05  7.13e+05  6.05e+05    8.54e+04      1              
  18  5.72e-02  4.70e+05  9.14e+05  5.22e+05    9.63e+04      1              
  19  2.86e-02  4.09e+05  1.21e+06  4.43e+05    9.34e+04      1   Skip BFGS  
  20  1.43e-02  3.95e+05  1.28e+06  4.14e+05    9.40e+04      3   Skip BFGS  
------------------------- STOP! -------------------------
1 : |fc-fOld| = 2.9373e+04 <= tolF*(1+|f0|) = 1.1118e+08
1 : |xc-x_last| = 1.1315e+01 <= tolX*(1+|x0|) = 3.3915e+02
0 : |proj(x-g)-x|    = 9.3994e+04 <= tolG          = 1.0000e-01
0 : |proj(x-g)-x|    = 9.3994e+04 <= 1e3*eps       = 1.0000e-02
1 : maxIter   =      20    <= iter          =     20
------------------------- DONE! -------------------------
05. Save Results

