args.iter=20
args.area='SW'
64

01. Data Binning

        Binned soundings: 170,440

02. Discretization

>> Depth from the surface to the base of the bottom layer is 306.3m

03. Set survey

04. Start Inversion

  Percentage of the active data = 2,745,380/3,749,680=73%

Running inversion with SimPEG v0.22.2.dev14+g7c7f1dc80
simpeg.InvProblem will set Regularization.reference_model to m0.
simpeg.InvProblem will set Regularization.reference_model to m0.
simpeg.InvProblem will set Regularization.reference_model to m0.

                        simpeg.InvProblem is setting bfgsH0 to the inverse of the eval2Deriv.
                        ***Done using same Solver, and solver_opts as the Simulation1DLayeredStitched problem***
                        
model has any nan: 0
=============================== Projected GNCG ===============================
  #     beta     phi_d     phi_m       f      |proj(x-g)-x|  LS    Comment   
-----------------------------------------------------------------------------
x0 has any nan: 0
   0  1.40e+01  8.95e+08  0.00e+00  8.95e+08    4.31e+06      0              
   1  7.01e+00  6.09e+07  1.70e+05  6.21e+07    5.71e+05      0              
   2  3.50e+00  5.05e+06  4.63e+05  6.67e+06    2.69e+05      0   Skip BFGS  
   3  1.75e+00  4.07e+06  6.06e+05  5.13e+06    5.69e+05      0   Skip BFGS  
   4  8.76e-01  3.75e+06  6.46e+05  4.31e+06    5.29e+05      2              
   5  4.38e-01  3.34e+06  7.35e+05  3.66e+06    4.69e+05      2   Skip BFGS  
   6  2.19e-01  3.06e+06  8.82e+05  3.25e+06    5.66e+05      2   Skip BFGS  
   7  1.09e-01  2.26e+06  2.09e+06  2.49e+06    5.77e+05      0   Skip BFGS  
   8  5.47e-02  1.47e+06  2.73e+06  1.62e+06    1.90e+05      0   Skip BFGS  
   9  2.74e-02  1.35e+06  3.65e+06  1.45e+06    2.45e+05      0   Skip BFGS  
  10  1.37e-02  1.03e+06  4.42e+06  1.09e+06    1.92e+05      0              
  11  6.84e-03  8.04e+05  5.25e+06  8.40e+05    1.66e+04      1              
  12  3.42e-03  7.53e+05  5.56e+06  7.72e+05    1.70e+04      2   Skip BFGS  
  13  1.71e-03  7.30e+05  5.86e+06  7.40e+05    1.92e+04      3              
  14  8.55e-04  7.07e+05  6.54e+06  7.12e+05    1.97e+04      2              
  15  4.28e-04  6.48e+05  7.85e+06  6.51e+05    1.85e+04      1              
  16  2.14e-04  6.33e+05  8.11e+06  6.35e+05    1.66e+04      2              
  17  1.07e-04  6.17e+05  9.80e+06  6.18e+05    7.95e+04      0              
  18  5.35e-05  6.08e+05  1.05e+07  6.08e+05    2.32e+04      0              
  19  2.67e-05  5.93e+05  1.16e+07  5.93e+05    1.46e+04      0              
  20  1.34e-05  5.87e+05  1.26e+07  5.87e+05    9.69e+03      0              
------------------------- STOP! -------------------------
1 : |fc-fOld| = 6.0356e+03 <= tolF*(1+|f0|) = 8.9468e+07
1 : |xc-x_last| = 8.1675e+01 <= tolX*(1+|x0|) = 4.4597e+02
0 : |proj(x-g)-x|    = 9.6901e+03 <= tolG          = 1.0000e-01
0 : |proj(x-g)-x|    = 9.6901e+03 <= 1e3*eps       = 1.0000e-02
1 : maxIter   =      20    <= iter          =     20
------------------------- DONE! -------------------------
05. Save Results

