args.iter=20
args.area='tielines'
64

01. Data Binning

        Binned soundings: 53,169

02. Discretization

>> Depth from the surface to the base of the bottom layer is 306.3m

03. Set survey

04. Start Inversion

  Percentage of the active data = 787,516/1,169,718=67%

Running inversion with SimPEG v0.22.2.dev14+g7c7f1dc80
simpeg.InvProblem will set Regularization.reference_model to m0.
simpeg.InvProblem will set Regularization.reference_model to m0.
simpeg.InvProblem will set Regularization.reference_model to m0.

                        simpeg.InvProblem is setting bfgsH0 to the inverse of the eval2Deriv.
                        ***Done using same Solver, and solver_opts as the Simulation1DLayeredStitched problem***
                        
model has any nan: 0
=============================== Projected GNCG ===============================
  #     beta     phi_d     phi_m       f      |proj(x-g)-x|  LS    Comment   
-----------------------------------------------------------------------------
x0 has any nan: 0
   0  3.05e+01  2.60e+08  0.00e+00  2.60e+08    2.10e+06      0              
   1  1.53e+01  1.88e+07  2.43e+04  1.91e+07    3.02e+05      0              
   2  7.63e+00  1.74e+06  5.61e+04  2.17e+06    4.31e+04      0   Skip BFGS  
   3  3.82e+00  1.27e+06  6.09e+04  1.51e+06    3.33e+04      1   Skip BFGS  
   4  1.91e+00  1.03e+06  7.42e+04  1.17e+06    2.62e+04      1              
   5  9.54e-01  9.31e+05  9.32e+04  1.02e+06    2.44e+04      1              
   6  4.77e-01  8.10e+05  1.20e+05  8.68e+05    1.49e+04      1              
   7  2.38e-01  7.33e+05  1.58e+05  7.71e+05    1.41e+04      1              
   8  1.19e-01  6.82e+05  1.77e+05  7.03e+05    1.28e+04      2              
   9  5.96e-02  6.51e+05  2.05e+05  6.63e+05    1.23e+04      2              
  10  2.98e-02  6.22e+05  2.32e+05  6.29e+05    1.09e+04      2              
  11  1.49e-02  6.09e+05  2.68e+05  6.13e+05    1.02e+04      2              
  12  7.45e-03  5.90e+05  3.04e+05  5.92e+05    9.10e+03      2              
  13  3.73e-03  5.84e+05  3.30e+05  5.85e+05    8.79e+03      3              
  14  1.86e-03  5.76e+05  3.86e+05  5.77e+05    8.53e+03      2              
  15  9.32e-04  5.70e+05  4.57e+05  5.71e+05    8.74e+03      1              
  16  4.66e-04  5.53e+05  5.36e+05  5.53e+05    8.59e+03      1              
  17  2.33e-04  5.37e+05  5.64e+05  5.37e+05    8.51e+03      2              
  18  1.16e-04  5.31e+05  5.84e+05  5.31e+05    7.57e+03      3              
  19  5.82e-05  5.24e+05  6.09e+05  5.24e+05    6.34e+03      2              
  20  2.91e-05  5.20e+05  6.19e+05  5.20e+05    6.52e+03      4              
------------------------- STOP! -------------------------
1 : |fc-fOld| = 3.5336e+03 <= tolF*(1+|f0|) = 2.5991e+07
1 : |xc-x_last| = 6.6690e+00 <= tolX*(1+|x0|) = 2.4913e+02
0 : |proj(x-g)-x|    = 6.5250e+03 <= tolG          = 1.0000e-01
0 : |proj(x-g)-x|    = 6.5250e+03 <= 1e3*eps       = 1.0000e-02
1 : maxIter   =      20    <= iter          =     20
------------------------- DONE! -------------------------
05. Save Results

